// Jest Snapshot v1, https://goo.gl/fbAQLP

exports[`Render App components should render DetailedDailyDescription component 1`] = `
<div>
  <div
    class="App"
  >
    <div
      class="navbar"
    >
      <div
        class="container"
      >
        <div
          class="logotype"
        >
          <img
            alt="logotype"
            src="logotype.svg"
          />
        </div>
        <div
          class="search"
        >
          <div
            class="search-field"
          >
            <input
              class="search-bar"
              type="text"
              value=""
            />
            <button
              class="button"
              type="button"
            >
              <img
                alt="loopa"
                src="loopa.svg"
              />
            </button>
          </div>
        </div>
        <button
          class="metrics"
          type="button"
        >
          <span
            class="active"
          >
            °C
          </span>
          <span
            style="margin: 0px 5px;"
          >
            /
          </span>
          <span>
            °F
          </span>
        </button>
      </div>
    </div>
    <div
      class="today-weather"
    >
      <div
        class="container"
      >
        <div
          class="average-data"
        >
          <div
            class="average-data__city"
          />
          <div
            class="average-data__time"
          >
            undefined undefined
          </div>
          <div
            class="average-data__temperature"
          >
            °C
          </div>
        </div>
        <div
          class="general-data"
        >
          <div
            class="data-item"
          >
            <div
              class="data-item__time"
            >
              08:00
            </div>
            <div
              class="data-item__weather-type"
            >
              <img
                alt="cloudy"
                src="cloud.svg"
              />
            </div>
            <div
              class="data-item__temperature"
            >
              13 °C
            </div>
          </div>
          <div
            class="data-item"
          >
            <div
              class="data-item__time"
            >
              09:00
            </div>
            <div
              class="data-item__weather-type"
            >
              <img
                alt="cloudy"
                src="cloud.svg"
              />
            </div>
            <div
              class="data-item__temperature"
            >
              13 °C
            </div>
          </div>
          <div
            class="data-item"
          >
            <div
              class="data-item__time"
            >
              10:00
            </div>
            <div
              class="data-item__weather-type"
            >
              <img
                alt="cloudy"
                src="cloud.svg"
              />
            </div>
            <div
              class="data-item__temperature"
            >
              13 °C
            </div>
          </div>
          <div
            class="data-item"
          >
            <div
              class="data-item__time"
            >
              11:00
            </div>
            <div
              class="data-item__weather-type"
            >
              <img
                alt="cloudy"
                src="cloud.svg"
              />
            </div>
            <div
              class="data-item__temperature"
            >
              13 °C
            </div>
          </div>
        </div>
      </div>
    </div>
    <div
      class="detailed-now-weather"
    >
      <div
        class="detailed-now-weather__hint"
      >
        Now
      </div>
      <div
        class="container"
      >
        <div
          class="detailed-information-tab"
        >
          <div
            class="detailed-information-tab__title"
          >
            Chance of Rain
          </div>
          <div
            class="detailed-information-tab__data"
          >
            12%
          </div>
        </div>
        <div
          class="detailed-information-tab"
        >
          <div
            class="detailed-information-tab__title"
          >
            Humidity
          </div>
          <div
            class="detailed-information-tab__data"
          >
            60%
          </div>
        </div>
        <div
          class="detailed-information-tab"
        >
          <div
            class="detailed-information-tab__title"
          >
            Wind speed
          </div>
          <div
            class="detailed-information-tab__data"
          >
            10 k/h
          </div>
        </div>
        <div
          class="detailed-information-tab"
        >
          <div
            class="detailed-information-tab__title"
          >
            Visibility
          </div>
          <div
            class="detailed-information-tab__data"
          >
            100km
          </div>
        </div>
        <div
          class="detailed-information-tab"
        >
          <div
            class="detailed-information-tab__title"
          >
            Pressure
          </div>
          <div
            class="detailed-information-tab__data"
          >
            1015 hPa
          </div>
        </div>
      </div>
    </div>
    <div
      class="other-days-weather"
    >
      <div
        class="container"
      >
        <div
          class="weather-table"
        >
          <div
            class="weather-table-item--title"
          >
            <div
              class="weather-table-item__container"
            >
              <div
                class="weather-table-item__data-title"
              >
                Day
              </div>
              <div
                class="weather-table-item__data-title"
              >
                Chance of rain
              </div>
              <div
                class="weather-table-item__data-title"
              >
                Humidity
              </div>
              <div
                class="weather-table-item__data-title"
              >
                Wind
              </div>
              <div
                class="weather-table-item__data-title"
              >
                Temperature
              </div>
            </div>
            <hr />
          </div>
          <div
            class="weather-table-item"
          >
            <div
              class="weather-table-item__container"
            >
              <div
                class="weather-table-item__data-title"
              >
                Mon
              </div>
              <div
                class="weather-table-item__data-title"
              >
                9%
              </div>
              <div
                class="weather-table-item__data-title"
              >
                57%
              </div>
              <div
                class="weather-table-item__data-title"
              >
                10 km/h
              </div>
              <div
                class="weather-table-item__data-title"
              >
                19˚
              </div>
            </div>
            <hr />
          </div>
        </div>
      </div>
    </div>
  </div>
</div>
`;

exports[`Render App components should render hourlyWeather component 1`] = `
<div>
  <div
    class="App"
  >
    <div
      class="navbar"
    >
      <div
        class="container"
      >
        <div
          class="logotype"
        >
          <img
            alt="logotype"
            src="logotype.svg"
          />
        </div>
        <div
          class="search"
        >
          <div
            class="search-field"
          >
            <input
              class="search-bar"
              type="text"
              value=""
            />
            <button
              class="button"
              type="button"
            >
              <img
                alt="loopa"
                src="loopa.svg"
              />
            </button>
          </div>
        </div>
        <button
          class="metrics"
          type="button"
        >
          <span
            class="active"
          >
            °C
          </span>
          <span
            style="margin: 0px 5px;"
          >
            /
          </span>
          <span>
            °F
          </span>
        </button>
      </div>
    </div>
    <div
      class="today-weather"
    >
      <div
        class="container"
      >
        <div
          class="average-data"
        >
          <div
            class="average-data__city"
          />
          <div
            class="average-data__time"
          >
            undefined undefined
          </div>
          <div
            class="average-data__temperature"
          >
            °C
          </div>
        </div>
        <div
          class="general-data"
        >
          <div
            class="data-item"
          >
            <div
              class="data-item__time"
            >
              08:00
            </div>
            <div
              class="data-item__weather-type"
            >
              <img
                alt="cloudy"
                src="cloud.svg"
              />
            </div>
            <div
              class="data-item__temperature"
            >
              13 °C
            </div>
          </div>
          <div
            class="data-item"
          >
            <div
              class="data-item__time"
            >
              09:00
            </div>
            <div
              class="data-item__weather-type"
            >
              <img
                alt="cloudy"
                src="cloud.svg"
              />
            </div>
            <div
              class="data-item__temperature"
            >
              13 °C
            </div>
          </div>
          <div
            class="data-item"
          >
            <div
              class="data-item__time"
            >
              10:00
            </div>
            <div
              class="data-item__weather-type"
            >
              <img
                alt="cloudy"
                src="cloud.svg"
              />
            </div>
            <div
              class="data-item__temperature"
            >
              13 °C
            </div>
          </div>
          <div
            class="data-item"
          >
            <div
              class="data-item__time"
            >
              11:00
            </div>
            <div
              class="data-item__weather-type"
            >
              <img
                alt="cloudy"
                src="cloud.svg"
              />
            </div>
            <div
              class="data-item__temperature"
            >
              13 °C
            </div>
          </div>
        </div>
      </div>
    </div>
    <div
      class="detailed-now-weather"
    >
      <div
        class="detailed-now-weather__hint"
      >
        Now
      </div>
      <div
        class="container"
      >
        <div
          class="detailed-information-tab"
        >
          <div
            class="detailed-information-tab__title"
          >
            Chance of Rain
          </div>
          <div
            class="detailed-information-tab__data"
          >
            12%
          </div>
        </div>
        <div
          class="detailed-information-tab"
        >
          <div
            class="detailed-information-tab__title"
          >
            Humidity
          </div>
          <div
            class="detailed-information-tab__data"
          >
            60%
          </div>
        </div>
        <div
          class="detailed-information-tab"
        >
          <div
            class="detailed-information-tab__title"
          >
            Wind speed
          </div>
          <div
            class="detailed-information-tab__data"
          >
            10 k/h
          </div>
        </div>
        <div
          class="detailed-information-tab"
        >
          <div
            class="detailed-information-tab__title"
          >
            Visibility
          </div>
          <div
            class="detailed-information-tab__data"
          >
            100km
          </div>
        </div>
        <div
          class="detailed-information-tab"
        >
          <div
            class="detailed-information-tab__title"
          >
            Pressure
          </div>
          <div
            class="detailed-information-tab__data"
          >
            1015 hPa
          </div>
        </div>
      </div>
    </div>
    <div
      class="other-days-weather"
    >
      <div
        class="container"
      >
        <div
          class="weather-table"
        >
          <div
            class="weather-table-item--title"
          >
            <div
              class="weather-table-item__container"
            >
              <div
                class="weather-table-item__data-title"
              >
                Day
              </div>
              <div
                class="weather-table-item__data-title"
              >
                Chance of rain
              </div>
              <div
                class="weather-table-item__data-title"
              >
                Humidity
              </div>
              <div
                class="weather-table-item__data-title"
              >
                Wind
              </div>
              <div
                class="weather-table-item__data-title"
              >
                Temperature
              </div>
            </div>
            <hr />
          </div>
          <div
            class="weather-table-item"
          >
            <div
              class="weather-table-item__container"
            >
              <div
                class="weather-table-item__data-title"
              >
                Mon
              </div>
              <div
                class="weather-table-item__data-title"
              >
                9%
              </div>
              <div
                class="weather-table-item__data-title"
              >
                57%
              </div>
              <div
                class="weather-table-item__data-title"
              >
                10 km/h
              </div>
              <div
                class="weather-table-item__data-title"
              >
                19˚
              </div>
            </div>
            <hr />
          </div>
        </div>
      </div>
    </div>
  </div>
</div>
`;

exports[`Render App components should render the Navbar component 1`] = `
<div>
  <div
    class="App"
  >
    <div
      class="navbar"
    >
      <div
        class="container"
      >
        <div
          class="logotype"
        >
          <img
            alt="logotype"
            src="logotype.svg"
          />
        </div>
        <div
          class="search"
        >
          <div
            class="search-field"
          >
            <input
              class="search-bar"
              type="text"
              value=""
            />
            <button
              class="button"
              type="button"
            >
              <img
                alt="loopa"
                src="loopa.svg"
              />
            </button>
          </div>
        </div>
        <button
          class="metrics"
          type="button"
        >
          <span
            class="active"
          >
            °C
          </span>
          <span
            style="margin: 0px 5px;"
          >
            /
          </span>
          <span>
            °F
          </span>
        </button>
      </div>
    </div>
    <div
      class="today-weather"
    >
      <div
        class="container"
      >
        <div
          class="average-data"
        >
          <div
            class="average-data__city"
          />
          <div
            class="average-data__time"
          >
            undefined undefined
          </div>
          <div
            class="average-data__temperature"
          >
            °C
          </div>
        </div>
        <div
          class="general-data"
        >
          <div
            class="data-item"
          >
            <div
              class="data-item__time"
            >
              08:00
            </div>
            <div
              class="data-item__weather-type"
            >
              <img
                alt="cloudy"
                src="cloud.svg"
              />
            </div>
            <div
              class="data-item__temperature"
            >
              13 °C
            </div>
          </div>
          <div
            class="data-item"
          >
            <div
              class="data-item__time"
            >
              09:00
            </div>
            <div
              class="data-item__weather-type"
            >
              <img
                alt="cloudy"
                src="cloud.svg"
              />
            </div>
            <div
              class="data-item__temperature"
            >
              13 °C
            </div>
          </div>
          <div
            class="data-item"
          >
            <div
              class="data-item__time"
            >
              10:00
            </div>
            <div
              class="data-item__weather-type"
            >
              <img
                alt="cloudy"
                src="cloud.svg"
              />
            </div>
            <div
              class="data-item__temperature"
            >
              13 °C
            </div>
          </div>
          <div
            class="data-item"
          >
            <div
              class="data-item__time"
            >
              11:00
            </div>
            <div
              class="data-item__weather-type"
            >
              <img
                alt="cloudy"
                src="cloud.svg"
              />
            </div>
            <div
              class="data-item__temperature"
            >
              13 °C
            </div>
          </div>
        </div>
      </div>
    </div>
    <div
      class="detailed-now-weather"
    >
      <div
        class="detailed-now-weather__hint"
      >
        Now
      </div>
      <div
        class="container"
      >
        <div
          class="detailed-information-tab"
        >
          <div
            class="detailed-information-tab__title"
          >
            Chance of Rain
          </div>
          <div
            class="detailed-information-tab__data"
          >
            12%
          </div>
        </div>
        <div
          class="detailed-information-tab"
        >
          <div
            class="detailed-information-tab__title"
          >
            Humidity
          </div>
          <div
            class="detailed-information-tab__data"
          >
            60%
          </div>
        </div>
        <div
          class="detailed-information-tab"
        >
          <div
            class="detailed-information-tab__title"
          >
            Wind speed
          </div>
          <div
            class="detailed-information-tab__data"
          >
            10 k/h
          </div>
        </div>
        <div
          class="detailed-information-tab"
        >
          <div
            class="detailed-information-tab__title"
          >
            Visibility
          </div>
          <div
            class="detailed-information-tab__data"
          >
            100km
          </div>
        </div>
        <div
          class="detailed-information-tab"
        >
          <div
            class="detailed-information-tab__title"
          >
            Pressure
          </div>
          <div
            class="detailed-information-tab__data"
          >
            1015 hPa
          </div>
        </div>
      </div>
    </div>
    <div
      class="other-days-weather"
    >
      <div
        class="container"
      >
        <div
          class="weather-table"
        >
          <div
            class="weather-table-item--title"
          >
            <div
              class="weather-table-item__container"
            >
              <div
                class="weather-table-item__data-title"
              >
                Day
              </div>
              <div
                class="weather-table-item__data-title"
              >
                Chance of rain
              </div>
              <div
                class="weather-table-item__data-title"
              >
                Humidity
              </div>
              <div
                class="weather-table-item__data-title"
              >
                Wind
              </div>
              <div
                class="weather-table-item__data-title"
              >
                Temperature
              </div>
            </div>
            <hr />
          </div>
          <div
            class="weather-table-item"
          >
            <div
              class="weather-table-item__container"
            >
              <div
                class="weather-table-item__data-title"
              >
                Mon
              </div>
              <div
                class="weather-table-item__data-title"
              >
                9%
              </div>
              <div
                class="weather-table-item__data-title"
              >
                57%
              </div>
              <div
                class="weather-table-item__data-title"
              >
                10 km/h
              </div>
              <div
                class="weather-table-item__data-title"
              >
                19˚
              </div>
            </div>
            <hr />
          </div>
        </div>
      </div>
    </div>
  </div>
</div>
`;

exports[`Render App components should render the dailyWeather component 1`] = `
<div>
  <div
    class="App"
  >
    <div
      class="navbar"
    >
      <div
        class="container"
      >
        <div
          class="logotype"
        >
          <img
            alt="logotype"
            src="logotype.svg"
          />
        </div>
        <div
          class="search"
        >
          <div
            class="search-field"
          >
            <input
              class="search-bar"
              type="text"
              value=""
            />
            <button
              class="button"
              type="button"
            >
              <img
                alt="loopa"
                src="loopa.svg"
              />
            </button>
          </div>
        </div>
        <button
          class="metrics"
          type="button"
        >
          <span
            class="active"
          >
            °C
          </span>
          <span
            style="margin: 0px 5px;"
          >
            /
          </span>
          <span>
            °F
          </span>
        </button>
      </div>
    </div>
    <div
      class="today-weather"
    >
      <div
        class="container"
      >
        <div
          class="average-data"
        >
          <div
            class="average-data__city"
          />
          <div
            class="average-data__time"
          >
            undefined undefined
          </div>
          <div
            class="average-data__temperature"
          >
            °C
          </div>
        </div>
        <div
          class="general-data"
        >
          <div
            class="data-item"
          >
            <div
              class="data-item__time"
            >
              08:00
            </div>
            <div
              class="data-item__weather-type"
            >
              <img
                alt="cloudy"
                src="cloud.svg"
              />
            </div>
            <div
              class="data-item__temperature"
            >
              13 °C
            </div>
          </div>
          <div
            class="data-item"
          >
            <div
              class="data-item__time"
            >
              09:00
            </div>
            <div
              class="data-item__weather-type"
            >
              <img
                alt="cloudy"
                src="cloud.svg"
              />
            </div>
            <div
              class="data-item__temperature"
            >
              13 °C
            </div>
          </div>
          <div
            class="data-item"
          >
            <div
              class="data-item__time"
            >
              10:00
            </div>
            <div
              class="data-item__weather-type"
            >
              <img
                alt="cloudy"
                src="cloud.svg"
              />
            </div>
            <div
              class="data-item__temperature"
            >
              13 °C
            </div>
          </div>
          <div
            class="data-item"
          >
            <div
              class="data-item__time"
            >
              11:00
            </div>
            <div
              class="data-item__weather-type"
            >
              <img
                alt="cloudy"
                src="cloud.svg"
              />
            </div>
            <div
              class="data-item__temperature"
            >
              13 °C
            </div>
          </div>
        </div>
      </div>
    </div>
    <div
      class="detailed-now-weather"
    >
      <div
        class="detailed-now-weather__hint"
      >
        Now
      </div>
      <div
        class="container"
      >
        <div
          class="detailed-information-tab"
        >
          <div
            class="detailed-information-tab__title"
          >
            Chance of Rain
          </div>
          <div
            class="detailed-information-tab__data"
          >
            12%
          </div>
        </div>
        <div
          class="detailed-information-tab"
        >
          <div
            class="detailed-information-tab__title"
          >
            Humidity
          </div>
          <div
            class="detailed-information-tab__data"
          >
            60%
          </div>
        </div>
        <div
          class="detailed-information-tab"
        >
          <div
            class="detailed-information-tab__title"
          >
            Wind speed
          </div>
          <div
            class="detailed-information-tab__data"
          >
            10 k/h
          </div>
        </div>
        <div
          class="detailed-information-tab"
        >
          <div
            class="detailed-information-tab__title"
          >
            Visibility
          </div>
          <div
            class="detailed-information-tab__data"
          >
            100km
          </div>
        </div>
        <div
          class="detailed-information-tab"
        >
          <div
            class="detailed-information-tab__title"
          >
            Pressure
          </div>
          <div
            class="detailed-information-tab__data"
          >
            1015 hPa
          </div>
        </div>
      </div>
    </div>
    <div
      class="other-days-weather"
    >
      <div
        class="container"
      >
        <div
          class="weather-table"
        >
          <div
            class="weather-table-item--title"
          >
            <div
              class="weather-table-item__container"
            >
              <div
                class="weather-table-item__data-title"
              >
                Day
              </div>
              <div
                class="weather-table-item__data-title"
              >
                Chance of rain
              </div>
              <div
                class="weather-table-item__data-title"
              >
                Humidity
              </div>
              <div
                class="weather-table-item__data-title"
              >
                Wind
              </div>
              <div
                class="weather-table-item__data-title"
              >
                Temperature
              </div>
            </div>
            <hr />
          </div>
          <div
            class="weather-table-item"
          >
            <div
              class="weather-table-item__container"
            >
              <div
                class="weather-table-item__data-title"
              >
                Mon
              </div>
              <div
                class="weather-table-item__data-title"
              >
                9%
              </div>
              <div
                class="weather-table-item__data-title"
              >
                57%
              </div>
              <div
                class="weather-table-item__data-title"
              >
                10 km/h
              </div>
              <div
                class="weather-table-item__data-title"
              >
                19˚
              </div>
            </div>
            <hr />
          </div>
        </div>
      </div>
    </div>
  </div>
</div>
`;
